<testsuite><testcase classname="/Users/joverson/development/src/casperjs/tests/run.js" name="Page title is: &quot;Test Title&quot;"></testcase><testcase classname="/Users/joverson/development/src/casperjs/tests/run.js" name="Header Exists"></testcase><testcase classname="/Users/joverson/development/src/casperjs/tests/run.js" name="P Tag Exists"></testcase></testsuite>