<testsuite><testcase classname="test/fixtures/testFail.js" name="Page title is: &quot;Test Title&quot;"></testcase><testcase classname="test/fixtures/testFail.js" name="Header Exists"></testcase><testcase classname="test/fixtures/testFail.js" name="P Tag Exists"></testcase><testcase classname="test/fixtures/testFail.js" name="Should Fail - Span Tag Does Not Exist"><failure type="assertExists">Found an element matching: span</failure></testcase></testsuite>