<testsuite><testcase classname="/Users/joverson/development/src/casperjs/tests/run.js" name="testFunction-assertion"></testcase></testsuite>